// Jest Snapshot v1, https://goo.gl/fbAQLP

exports[`ButtonForSendOffer test test render render snap without any props 1`] = `
<div
  className="button-send-wrapper"
  onClick={[Function]}
>
  <TextForButton
    text="ОТПРАВИТЬ ЗАКАЗ"
  />
</div>
`;
