// Jest Snapshot v1, https://goo.gl/fbAQLP

exports[`ButtonForOffer test test render render snap without any props 1`] = `
<div
  className="button-offer-wrapper"
  onClick={[Function]}
>
  <TextForButton
    text="СДЕЛАТЬ ЗАКАЗ"
  />
</div>
`;
